// Jest Snapshot v1, https://goo.gl/fbAQLP

exports[`renders correctly 1`] = `
<Text
  style={
    Array [
      Object {
        "color": "rgba(0,0,0,0.8)",
      },
      Array [
        undefined,
        Object {
          "fontFamily": "space-mono",
        },
      ],
    ]
  }
/>
`;
